---
source: tui/src/chatwidget/tests/goal_menu.rs
expression: rendered_goal_summary(&mut rx)
---
Goal
Status: active
Super loop: off
Objective: Keep improving the bare goal command until it feels calm and useful.
Time used: 1m
Tokens used: 12.5K
Token budget: 80K
Loop: cycle 3 - research loop - completed
Last loop: Research loop completed
Loop history
  #3 research loop completed: Research loop completed
    verified 2 goal follow-ups
  #2 plan loop completed: Planned 1 research follow-up

Commands: /goal edit, /goal pause, /superloop <objective>, /goal clear
