---
source: tui/src/history_cell/tests.rs
expression: rendered
---
• Listed Ilhae resources
  └ Ilhae resources (3)
    ┌ brain
    ├ brain://memory/items
    │  Brain Memory Items
    │  application/json
    ├ brain://sessions
    │  Brain Sessions
    │  application/json
    ├ videoeditor
    ├ videoeditor://projects
    │  Video Projects
    │  application/json
